// Jest Snapshot v1, https://goo.gl/fbAQLP

exports[`Form should match the snapshot with all the correct args 1`] = `
<form
  className="reservation-form"
>
  <input
    className="name-input"
    name="name"
    onChange={[Function]}
    placeholder="Name"
    type="text"
    value=""
  />
  <input
    className="date-input"
    name="date"
    onChange={[Function]}
    placeholder="Date (mm/dd)"
    type="text"
    value=""
  />
  <input
    className="time-input"
    name="time"
    onChange={[Function]}
    placeholder="Time"
    type="text"
    value=""
  />
  <input
    className="numOfGuest-input"
    name="numOfGuests"
    onChange={[Function]}
    placeholder="Number of guests"
    type="number"
    value=""
  />
  <button
    className="make-reserveration-btn"
    onClick={[Function]}
  >
    Make Reservation
  </button>
</form>
`;
